// Vitest Snapshot v1, https://vitest.dev/guide/snapshot.html

exports[`Renderiza AboutView despuÃ©s de navegar a la ruta 'About' > El html de AboutView se mantiene en las pruebas 1`] = `"<nav><a href="/" class="">Home</a> | <a href="/posts" class="">Posts</a></nav>"`;
